// Jest Snapshot v1, https://goo.gl/fbAQLP

exports[`renders correctly 1`] = `
<div
  className="StreamLive-root-1"
>
  <div
    className={undefined}
  >
    <div
      className=""
    >
      Live
    </div>
    <div
      className=""
    >
      <div
        className={undefined}
      >
        NRG
      </div>
      <div
        className=""
      >
        France
      </div>
    </div>
    <div
      className={undefined}
    >
      6.14
    </div>
    <div
      className={undefined}
    >
      VS
    </div>
    <div
      className={undefined}
    >
      1.25
    </div>
    <div
      className=""
    >
      <div
        className={undefined}
      >
        LDLC
      </div>
      <div
        className=""
      >
        Spain
      </div>
    </div>
    <div
      className={undefined}
    >
      EVENT
    </div>
    <div
      className={undefined}
    />
  </div>
  <div
    className={undefined}
  >
    <div
      className=""
    >
      12:30 PM
       
      <br />
      <span
        className="dateDay"
      >
        7/12/2018
      </span>
    </div>
    <div
      className=""
    >
      <div
        className={undefined}
      >
        NRG
      </div>
      <div
        className=""
      >
        France
      </div>
    </div>
    <div
      className={undefined}
    >
      6.14
    </div>
    <div
      className={undefined}
    >
      VS
    </div>
    <div
      className={undefined}
    >
      1.25
    </div>
    <div
      className=""
    >
      <div
        className={undefined}
      >
        LDLC
      </div>
      <div
        className=""
      >
        Spain
      </div>
    </div>
    <div
      className={undefined}
    >
      EVENT
    </div>
    <div
      className={undefined}
    />
  </div>
  <div
    className={undefined}
  >
    <div
      className=""
    >
      Live
    </div>
    <div
      className=""
    >
      <div
        className={undefined}
      >
        NRG
      </div>
      <div
        className=""
      >
        France
      </div>
    </div>
    <div
      className={undefined}
    >
      6.14
    </div>
    <div
      className={undefined}
    >
      VS
    </div>
    <div
      className={undefined}
    >
      1.25
    </div>
    <div
      className=""
    >
      <div
        className={undefined}
      >
        LDLC
      </div>
      <div
        className=""
      >
        Spain
      </div>
    </div>
    <div
      className={undefined}
    >
      EVENT
    </div>
    <div
      className={undefined}
    />
  </div>
  <div
    className={undefined}
  >
    <div
      className=""
    >
      12:30 PM
       
      <br />
      <span
        className="dateDay"
      >
        7/12/2018
      </span>
    </div>
    <div
      className=""
    >
      <div
        className={undefined}
      >
        NRG
      </div>
      <div
        className=""
      >
        France
      </div>
    </div>
    <div
      className={undefined}
    >
      6.14
    </div>
    <div
      className={undefined}
    >
      VS
    </div>
    <div
      className={undefined}
    >
      1.25
    </div>
    <div
      className=""
    >
      <div
        className={undefined}
      >
        LDLC
      </div>
      <div
        className=""
      >
        Spain
      </div>
    </div>
    <div
      className={undefined}
    >
      EVENT
    </div>
    <div
      className={undefined}
    />
  </div>
  <div
    className={undefined}
  >
    <div
      className=""
    >
      Live
    </div>
    <div
      className=""
    >
      <div
        className={undefined}
      >
        NRG
      </div>
      <div
        className=""
      >
        France
      </div>
    </div>
    <div
      className={undefined}
    >
      6.14
    </div>
    <div
      className={undefined}
    >
      VS
    </div>
    <div
      className={undefined}
    >
      1.25
    </div>
    <div
      className=""
    >
      <div
        className={undefined}
      >
        LDLC
      </div>
      <div
        className=""
      >
        Spain
      </div>
    </div>
    <div
      className={undefined}
    >
      EVENT
    </div>
    <div
      className={undefined}
    />
  </div>
  <div
    className={undefined}
  >
    <div
      className=""
    >
      12:30 PM
       
      <br />
      <span
        className="dateDay"
      >
        7/12/2018
      </span>
    </div>
    <div
      className=""
    >
      <div
        className={undefined}
      >
        NRG
      </div>
      <div
        className=""
      >
        France
      </div>
    </div>
    <div
      className={undefined}
    >
      6.14
    </div>
    <div
      className={undefined}
    >
      VS
    </div>
    <div
      className={undefined}
    >
      1.25
    </div>
    <div
      className=""
    >
      <div
        className={undefined}
      >
        LDLC
      </div>
      <div
        className=""
      >
        Spain
      </div>
    </div>
    <div
      className={undefined}
    >
      EVENT
    </div>
    <div
      className={undefined}
    />
  </div>
  <div
    className={undefined}
  >
    <div
      className=""
    >
      Live
    </div>
    <div
      className=""
    >
      <div
        className={undefined}
      >
        NRG
      </div>
      <div
        className=""
      >
        France
      </div>
    </div>
    <div
      className={undefined}
    >
      6.14
    </div>
    <div
      className={undefined}
    >
      VS
    </div>
    <div
      className={undefined}
    >
      1.25
    </div>
    <div
      className=""
    >
      <div
        className={undefined}
      >
        LDLC
      </div>
      <div
        className=""
      >
        Spain
      </div>
    </div>
    <div
      className={undefined}
    >
      EVENT
    </div>
    <div
      className={undefined}
    />
  </div>
  <div
    className={undefined}
  >
    <div
      className=""
    >
      12:30 PM
       
      <br />
      <span
        className="dateDay"
      >
        7/12/2018
      </span>
    </div>
    <div
      className=""
    >
      <div
        className={undefined}
      >
        NRG
      </div>
      <div
        className=""
      >
        France
      </div>
    </div>
    <div
      className={undefined}
    >
      6.14
    </div>
    <div
      className={undefined}
    >
      VS
    </div>
    <div
      className={undefined}
    >
      1.25
    </div>
    <div
      className=""
    >
      <div
        className={undefined}
      >
        LDLC
      </div>
      <div
        className=""
      >
        Spain
      </div>
    </div>
    <div
      className={undefined}
    >
      EVENT
    </div>
    <div
      className={undefined}
    />
  </div>
  <div
    className={undefined}
  >
    <div
      className=""
    >
      Live
    </div>
    <div
      className=""
    >
      <div
        className={undefined}
      >
        NRG
      </div>
      <div
        className=""
      >
        France
      </div>
    </div>
    <div
      className={undefined}
    >
      6.14
    </div>
    <div
      className={undefined}
    >
      VS
    </div>
    <div
      className={undefined}
    >
      1.25
    </div>
    <div
      className=""
    >
      <div
        className={undefined}
      >
        LDLC
      </div>
      <div
        className=""
      >
        Spain
      </div>
    </div>
    <div
      className={undefined}
    >
      EVENT
    </div>
    <div
      className={undefined}
    />
  </div>
  <div
    className={undefined}
  >
    <div
      className=""
    >
      12:30 PM
       
      <br />
      <span
        className="dateDay"
      >
        7/12/2018
      </span>
    </div>
    <div
      className=""
    >
      <div
        className={undefined}
      >
        NRG
      </div>
      <div
        className=""
      >
        France
      </div>
    </div>
    <div
      className={undefined}
    >
      6.14
    </div>
    <div
      className={undefined}
    >
      VS
    </div>
    <div
      className={undefined}
    >
      1.25
    </div>
    <div
      className=""
    >
      <div
        className={undefined}
      >
        LDLC
      </div>
      <div
        className=""
      >
        Spain
      </div>
    </div>
    <div
      className={undefined}
    >
      EVENT
    </div>
    <div
      className={undefined}
    />
  </div>
</div>
`;
