// Jest Snapshot v1, https://goo.gl/fbAQLP

exports[`renders correctly 1`] = `
<div
  className="Wallet-root-1"
>
  <div
    className="Wallet-wallet-2"
  >
    <div
      className="Wallet-walletTitle-3"
    >
      <p>
        My Address:
      </p>
    </div>
    <div
      className="Wallet-walletAddress-4"
    />
    <div
      className="MuiInputBase-root-32 MuiInput-root-19 MuiInput-underline-23 Wallet-selectCurency-5"
      onClick={[Function]}
    >
      <div
        className="MuiSelect-root-12"
      >
        <div
          aria-haspopup="true"
          aria-pressed="false"
          className="Wallet-selectField-7"
          id="select-curency"
          onBlur={[Function]}
          onClick={[Function]}
          onFocus={[Function]}
          onKeyDown={[Function]}
          role="button"
          tabIndex={0}
        >
          <span
            dangerouslySetInnerHTML={
              Object {
                "__html": "&#8203;",
              }
            }
          />
        </div>
        <input
          id="curencyDropdownWallet"
          name="curency"
          type="hidden"
          value="DCB"
        />
        <i
          className="Wallet-curencyIcon-8"
        />
      </div>
    </div>
    <ul
      className="Wallet-walletNav-10"
    >
      <li>
        <div
          className="Wallet-walletNavItem-11"
          onClick={[Function]}
        >
          DCB
        </div>
      </li>
      <li>
        <div
          className="Wallet-walletNavItem-11"
          onClick={[Function]}
        >
          USD
        </div>
      </li>
      <li>
        <div
          className="Wallet-walletNavItem-11"
          onClick={[Function]}
        >
          EUR
        </div>
      </li>
      <li>
        <div
          className="Wallet-walletNavItem-11"
          onClick={[Function]}
        >
          CPT
        </div>
      </li>
    </ul>
  </div>
  <div
    className="Action-root-53"
  >
    <div
      className="Action-actionsSend-58"
    >
      <form
        className="Action-form-56"
        onSubmit={[Function]}
      >
        <span
          className="Action-sendTitle-59"
        >
          Send now
        </span>
        <div
          className="Action-wrSendField-60"
        >
          <label
            htmlFor="addressKey"
          >
            Address:
          </label>
          <input
            className="Action-sendAddressField-61"
            onBlur={[Function]}
            onChange={[Function]}
            onDragStart={[Function]}
            onDrop={[Function]}
            onFocus={[Function]}
            placeholder="Put address you want to send the money"
            type="text"
            value=""
          />
        </div>
        <div
          className="Action-wrSendField-60"
        >
          <label
            htmlFor="amount"
          >
            Amount:
          </label>
          <input
            className="Action-sendAmmountField-62"
            onBlur={[Function]}
            onChange={[Function]}
            onDragStart={[Function]}
            onDrop={[Function]}
            onFocus={[Function]}
            placeholder="Set ammount"
            type="text"
            value=""
          />
        </div>
        <button
          className="Action-sendBtn-64"
          type="submit"
        >
          Send money
        </button>
      </form>
    </div>
    <div
      className="Action-actionsInvoice-66"
    >
      <span
        className="Action-invoiceTitle-67"
      >
        Invoice
      </span>
      <div
        className="Action-wrSendField-60"
      >
        <label
          htmlFor="invoice"
        >
          Email:
        </label>
        <input
          className="Action-invoiceAmmountField-63"
          name="invoice"
          placeholder="Set ammount you need to receive"
          type="text"
        />
      </div>
      <button
        className="Action-sendBtn-64"
        type="submit"
      >
        Send Invoice
      </button>
    </div>
  </div>
</div>
`;
