// Jest Snapshot v1, https://goo.gl/fbAQLP

exports[`renders correctly 1`] = `
<div
  className="Step1-root-1"
>
  <form
    className="Step1-registrStep1-2"
    onSubmit={[Function]}
  >
    <h1
      className="Step1-step1Title-3"
    >
      Registration
    </h1>
    <div
      className="Step1-step1Label-4"
    >
      Vault ID:
    </div>
    0000000000000000000000000000000000000000000000000000000000000000
    <button
      className="Step1-step1BtnsGeneration-8"
      onClick={[Function]}
    >
      Generate
    </button>
    <button
      className="Step1-step1BtnsSave-9"
      onClick={[Function]}
    >
      Save key
    </button>
    <div>
      <a
        className="Step1-step1BtnBack-6"
        href="/login"
        onClick={[Function]}
      >
        Login
      </a>
      <button
        className="Step1-step1BtnsRegister-7"
        type="submit"
      >
        Register!
      </button>
    </div>
  </form>
</div>
`;
