// Jest Snapshot v1, https://goo.gl/fbAQLP

exports[`renders correctly 1`] = `
<div
  className="StreamTabsBottom-root-1"
>
  <div
    className="StreamTabsNav-root-2"
  >
    <div
      className="StreamTabsNav-streamTabsNavItem-3 StreamTabsNav-liveNow-4"
    >
      LIVE NOW 
      <span
        className={undefined}
      >
        2
      </span>
    </div>
    <div
      className="StreamTabsNav-streamTabsNavItem-3 StreamTabsNav-allGames-5"
    >
      ALL GAMES 
      <span
        className={undefined}
      >
        2
      </span>
    </div>
    <div
      className="StreamTabsNav-streamTabsNavItem-3 StreamTabsNav-dota2-6"
    >
      DOTA 2
      <span
        className={undefined}
      >
        2
      </span>
    </div>
    <div
      className="StreamTabsNav-streamTabsNavItem-3 StreamTabsNav-starcraft2-7"
    >
      STARCRAFT 2 
      <span
        className={undefined}
      >
        2
      </span>
    </div>
    <div
      className="StreamTabsNav-streamTabsNavItem-3 StreamTabsNav-overwatch-8"
    >
      OVERWATCH 
      <span
        className={undefined}
      >
        2
      </span>
    </div>
    <div
      className="StreamTabsNav-streamTabsNavItem-3 StreamTabsNav-rainbowSix-9"
    >
      RAINBOW SIX 
      <span
        className={undefined}
      >
        2
      </span>
    </div>
    <div
      className="StreamTabsNav-streamTabsNavItem-3 StreamTabsNav-csGo-11 StreamTabsNav-streamTabsNavActive-10"
    >
      CS:GO
      <span
        className={undefined}
      >
        2
      </span>
    </div>
  </div>
  <div
    className="StreamLive-root-12"
  >
    <div
      className={undefined}
    >
      <div
        className=""
      >
        Live
      </div>
      <div
        className=""
      >
        <div
          className={undefined}
        >
          NRG
        </div>
        <div
          className=""
        >
          France
        </div>
      </div>
      <div
        className={undefined}
      >
        6.14
      </div>
      <div
        className={undefined}
      >
        VS
      </div>
      <div
        className={undefined}
      >
        1.25
      </div>
      <div
        className=""
      >
        <div
          className={undefined}
        >
          LDLC
        </div>
        <div
          className=""
        >
          Spain
        </div>
      </div>
      <div
        className={undefined}
      >
        EVENT
      </div>
      <div
        className={undefined}
      />
    </div>
    <div
      className={undefined}
    >
      <div
        className=""
      >
        12:30 PM
         
        <br />
        <span
          className="dateDay"
        >
          7/12/2018
        </span>
      </div>
      <div
        className=""
      >
        <div
          className={undefined}
        >
          NRG
        </div>
        <div
          className=""
        >
          France
        </div>
      </div>
      <div
        className={undefined}
      >
        6.14
      </div>
      <div
        className={undefined}
      >
        VS
      </div>
      <div
        className={undefined}
      >
        1.25
      </div>
      <div
        className=""
      >
        <div
          className={undefined}
        >
          LDLC
        </div>
        <div
          className=""
        >
          Spain
        </div>
      </div>
      <div
        className={undefined}
      >
        EVENT
      </div>
      <div
        className={undefined}
      />
    </div>
    <div
      className={undefined}
    >
      <div
        className=""
      >
        Live
      </div>
      <div
        className=""
      >
        <div
          className={undefined}
        >
          NRG
        </div>
        <div
          className=""
        >
          France
        </div>
      </div>
      <div
        className={undefined}
      >
        6.14
      </div>
      <div
        className={undefined}
      >
        VS
      </div>
      <div
        className={undefined}
      >
        1.25
      </div>
      <div
        className=""
      >
        <div
          className={undefined}
        >
          LDLC
        </div>
        <div
          className=""
        >
          Spain
        </div>
      </div>
      <div
        className={undefined}
      >
        EVENT
      </div>
      <div
        className={undefined}
      />
    </div>
    <div
      className={undefined}
    >
      <div
        className=""
      >
        12:30 PM
         
        <br />
        <span
          className="dateDay"
        >
          7/12/2018
        </span>
      </div>
      <div
        className=""
      >
        <div
          className={undefined}
        >
          NRG
        </div>
        <div
          className=""
        >
          France
        </div>
      </div>
      <div
        className={undefined}
      >
        6.14
      </div>
      <div
        className={undefined}
      >
        VS
      </div>
      <div
        className={undefined}
      >
        1.25
      </div>
      <div
        className=""
      >
        <div
          className={undefined}
        >
          LDLC
        </div>
        <div
          className=""
        >
          Spain
        </div>
      </div>
      <div
        className={undefined}
      >
        EVENT
      </div>
      <div
        className={undefined}
      />
    </div>
    <div
      className={undefined}
    >
      <div
        className=""
      >
        Live
      </div>
      <div
        className=""
      >
        <div
          className={undefined}
        >
          NRG
        </div>
        <div
          className=""
        >
          France
        </div>
      </div>
      <div
        className={undefined}
      >
        6.14
      </div>
      <div
        className={undefined}
      >
        VS
      </div>
      <div
        className={undefined}
      >
        1.25
      </div>
      <div
        className=""
      >
        <div
          className={undefined}
        >
          LDLC
        </div>
        <div
          className=""
        >
          Spain
        </div>
      </div>
      <div
        className={undefined}
      >
        EVENT
      </div>
      <div
        className={undefined}
      />
    </div>
    <div
      className={undefined}
    >
      <div
        className=""
      >
        12:30 PM
         
        <br />
        <span
          className="dateDay"
        >
          7/12/2018
        </span>
      </div>
      <div
        className=""
      >
        <div
          className={undefined}
        >
          NRG
        </div>
        <div
          className=""
        >
          France
        </div>
      </div>
      <div
        className={undefined}
      >
        6.14
      </div>
      <div
        className={undefined}
      >
        VS
      </div>
      <div
        className={undefined}
      >
        1.25
      </div>
      <div
        className=""
      >
        <div
          className={undefined}
        >
          LDLC
        </div>
        <div
          className=""
        >
          Spain
        </div>
      </div>
      <div
        className={undefined}
      >
        EVENT
      </div>
      <div
        className={undefined}
      />
    </div>
    <div
      className={undefined}
    >
      <div
        className=""
      >
        Live
      </div>
      <div
        className=""
      >
        <div
          className={undefined}
        >
          NRG
        </div>
        <div
          className=""
        >
          France
        </div>
      </div>
      <div
        className={undefined}
      >
        6.14
      </div>
      <div
        className={undefined}
      >
        VS
      </div>
      <div
        className={undefined}
      >
        1.25
      </div>
      <div
        className=""
      >
        <div
          className={undefined}
        >
          LDLC
        </div>
        <div
          className=""
        >
          Spain
        </div>
      </div>
      <div
        className={undefined}
      >
        EVENT
      </div>
      <div
        className={undefined}
      />
    </div>
    <div
      className={undefined}
    >
      <div
        className=""
      >
        12:30 PM
         
        <br />
        <span
          className="dateDay"
        >
          7/12/2018
        </span>
      </div>
      <div
        className=""
      >
        <div
          className={undefined}
        >
          NRG
        </div>
        <div
          className=""
        >
          France
        </div>
      </div>
      <div
        className={undefined}
      >
        6.14
      </div>
      <div
        className={undefined}
      >
        VS
      </div>
      <div
        className={undefined}
      >
        1.25
      </div>
      <div
        className=""
      >
        <div
          className={undefined}
        >
          LDLC
        </div>
        <div
          className=""
        >
          Spain
        </div>
      </div>
      <div
        className={undefined}
      >
        EVENT
      </div>
      <div
        className={undefined}
      />
    </div>
    <div
      className={undefined}
    >
      <div
        className=""
      >
        Live
      </div>
      <div
        className=""
      >
        <div
          className={undefined}
        >
          NRG
        </div>
        <div
          className=""
        >
          France
        </div>
      </div>
      <div
        className={undefined}
      >
        6.14
      </div>
      <div
        className={undefined}
      >
        VS
      </div>
      <div
        className={undefined}
      >
        1.25
      </div>
      <div
        className=""
      >
        <div
          className={undefined}
        >
          LDLC
        </div>
        <div
          className=""
        >
          Spain
        </div>
      </div>
      <div
        className={undefined}
      >
        EVENT
      </div>
      <div
        className={undefined}
      />
    </div>
    <div
      className={undefined}
    >
      <div
        className=""
      >
        12:30 PM
         
        <br />
        <span
          className="dateDay"
        >
          7/12/2018
        </span>
      </div>
      <div
        className=""
      >
        <div
          className={undefined}
        >
          NRG
        </div>
        <div
          className=""
        >
          France
        </div>
      </div>
      <div
        className={undefined}
      >
        6.14
      </div>
      <div
        className={undefined}
      >
        VS
      </div>
      <div
        className={undefined}
      >
        1.25
      </div>
      <div
        className=""
      >
        <div
          className={undefined}
        >
          LDLC
        </div>
        <div
          className=""
        >
          Spain
        </div>
      </div>
      <div
        className={undefined}
      >
        EVENT
      </div>
      <div
        className={undefined}
      />
    </div>
  </div>
</div>
`;
