// Jest Snapshot v1, https://goo.gl/fbAQLP

exports[`renders correctly 1`] = `
<div
  className="mainWrapperCatalog"
>
  <div
    className="Games-containerCatalogWrap-1"
  >
    <div
      className="Games-containerCatalog-2"
    >
      <header
        className="Games-headerCatalog-3"
      >
        <ul
          className="MenuNavigation-root-4 dark"
        >
          <li
            className={undefined}
          >
            <div
              className="MenuNavigation-logout-13"
              onClick={[Function]}
            >
              Logout
            </div>
          </li>
          <li>
            <a
              className="MenuNavigation-headerMenuItem-5"
              href="/"
              onClick={[Function]}
            >
              <i
                className="MenuNavigation-menuIcon-6 MenuNavigation-dashboard-7"
              />
              <br />
               Dashboard
            </a>
          </li>
          <li>
            <a
              className="MenuNavigation-headerMenuItem-5"
              href="/"
              onClick={[Function]}
            >
              <i
                className="MenuNavigation-menuIcon-6 MenuNavigation-walletIcon-8"
              />
              <br />
               Wallet
            </a>
          </li>
          <li>
            <a
              className="MenuNavigation-headerMenuItem-5"
              href="/"
              onClick={[Function]}
            >
              <i
                className="MenuNavigation-menuIcon-6 MenuNavigation-shop-9"
              />
              <br />
               Shop
            </a>
          </li>
          <li>
            <a
              className="MenuNavigation-headerMenuItem-5"
              href="/games"
              onClick={[Function]}
            >
              <i
                className="MenuNavigation-menuIcon-6 MenuNavigation-games-10"
              />
              <br />
               Games
            </a>
          </li>
          <li>
            <a
              className="MenuNavigation-headerMenuItem-5"
              href="/"
              onClick={[Function]}
            >
              <i
                className="MenuNavigation-menuIcon-6 MenuNavigation-friends-11"
              />
              <br />
               Friends
            </a>
          </li>
          <li>
            <a
              className="MenuNavigation-headerMenuItem-5"
              href="/"
              onClick={[Function]}
            >
              <i
                className="MenuNavigation-menuIcon-6 MenuNavigation-settings-12"
              />
              <br />
               Settings
            </a>
          </li>
        </ul>
      </header>
      <main>
        <div
          className="CatalogList-catalogList-14"
        >
          <div
            className="CatalogItem-catalogListItem-15"
          >
            <div
              className="CatalogItem-catalogItemTop-16"
            >
              <div
                className={undefined}
              >
                <p
                  className="CatalogItem-catalogItemTitle-17"
                >
                  Rolled-Folled
                </p>
                <span
                  className="CatalogItem-catalogItemTitleComp-18"
                >
                  by Fall Inc.
                </span>
              </div>
              <div
                className="CatalogItem-catalogItemRating-19"
              >
                <p
                  className="CatalogItem-catalogRatingValue-20"
                >
                  <span
                    className="CatalogItem-catalogRatingValueNum-21"
                  >
                    6.5
                  </span>
                  <span
                    className="CatalogItem-catalogRatingValueFull-22"
                  >
                    /7
                  </span>
                </p>
                <div
                  className="CatalogItem-catalogRatingStars-23"
                >
                  <div
                    className="CatalogItem-fullStars-24"
                  />
                  <div
                    className="CatalogItem-halfStars-25"
                  />
                </div>
                <span
                  className="CatalogItem-catalogRatingCategory-26"
                >
                  DICE CATEGORY
                </span>
              </div>
            </div>
            <a
              className="CatalogItem-catalogItemImg-27"
              href="/"
              onClick={[Function]}
            >
              <img
                alt=""
                className="CatalogItem-catalogItemImgGame-28"
                src="catalogItem.png"
              />
              <div
                className="CatalogItem-catalogItemOnline-29"
              >
                online: 
                536
              </div>
            </a>
            <div
              className="CatalogItem-catalogItemCounter-30"
            >
              <div
                className="CatalogItem-catalogCounterWins-31"
              >
                <p
                  className="CatalogItem-catalogCounterBigstWin-34"
                >
                  <span
                    className="CatalogItem-catalogCounterValue-37"
                  >
                    4666.78
                     dcb
                  </span>
                   
                  <br />
                   BIGGEST WIN 
                  <br />
                   FOR ALL TIME
                </p>
              </div>
              <div
                className="CatalogItem-catalogCounterHours-32"
              >
                <p
                  className="CatalogItem-catalogCounterHoursVolume-35"
                >
                  <span
                    className="CatalogItem-catalogCounterValue-37"
                  >
                    167.12
                     dcb
                  </span>
                   
                  <br />
                   VOLUME OF 
                  <br />
                  24 HOURS
                </p>
              </div>
              <div
                className="CatalogItem-catalogCounterContracts-33"
              >
                <p
                  className="CatalogItem-catalogCounterContractsVolume-36"
                >
                  <span
                    className="CatalogItem-catalogCounterValue-37"
                  >
                    20243.12
                     dcb
                  </span>
                   
                  <br />
                   ALL VOLUME OF 
                  <br />
                   SMART CONTRACT
                </p>
              </div>
            </div>
            <a
              className="CatalogItem-catalogItemBtn-38"
              href="/"
              onClick={[Function]}
            >
              Play Now
            </a>
            <div
              className="CatalogItem-catalogItemNext-39"
            >
              <p>
                next roll in:
                 
                <span
                  className={undefined}
                >
                  00:00:23.12
                </span>
              </p>
            </div>
          </div>
          <div
            className="CatalogItem-catalogListItem-15"
          >
            <div
              className="CatalogItem-catalogItemTop-16"
            >
              <div
                className={undefined}
              >
                <p
                  className="CatalogItem-catalogItemTitle-17"
                >
                  Rolled-Folled-Rolled
                </p>
                <span
                  className="CatalogItem-catalogItemTitleComp-18"
                >
                  by Fall Fall Fall Fall Inc.
                </span>
              </div>
              <div
                className="CatalogItem-catalogItemRating-19"
              >
                <p
                  className="CatalogItem-catalogRatingValue-20"
                >
                  <span
                    className="CatalogItem-catalogRatingValueNum-21"
                  >
                    6.5
                  </span>
                  <span
                    className="CatalogItem-catalogRatingValueFull-22"
                  >
                    /7
                  </span>
                </p>
                <div
                  className="CatalogItem-catalogRatingStars-23"
                >
                  <div
                    className="CatalogItem-fullStars-24"
                  />
                  <div
                    className="CatalogItem-halfStars-25"
                  />
                </div>
                <span
                  className="CatalogItem-catalogRatingCategory-26"
                >
                  DICE DICE DICE CATEGORY
                </span>
              </div>
            </div>
            <a
              className="CatalogItem-catalogItemImg-27"
              href="/"
              onClick={[Function]}
            >
              <img
                alt=""
                className="CatalogItem-catalogItemImgGame-28"
                src="catalogItem.png"
              />
              <div
                className="CatalogItem-catalogItemOnline-29"
              >
                online: 
                536
              </div>
            </a>
            <div
              className="CatalogItem-catalogItemCounter-30"
            >
              <div
                className="CatalogItem-catalogCounterWins-31"
              >
                <p
                  className="CatalogItem-catalogCounterBigstWin-34"
                >
                  <span
                    className="CatalogItem-catalogCounterValue-37"
                  >
                    466603.782390328
                     dcb
                  </span>
                   
                  <br />
                   BIGGEST WIN 
                  <br />
                   FOR ALL TIME
                </p>
              </div>
              <div
                className="CatalogItem-catalogCounterHours-32"
              >
                <p
                  className="CatalogItem-catalogCounterHoursVolume-35"
                >
                  <span
                    className="CatalogItem-catalogCounterValue-37"
                  >
                    167434.1243434
                     dcb
                  </span>
                   
                  <br />
                   VOLUME OF 
                  <br />
                  24 HOURS
                </p>
              </div>
              <div
                className="CatalogItem-catalogCounterContracts-33"
              >
                <p
                  className="CatalogItem-catalogCounterContractsVolume-36"
                >
                  <span
                    className="CatalogItem-catalogCounterValue-37"
                  >
                    2024343.134342
                     dcb
                  </span>
                   
                  <br />
                   ALL VOLUME OF 
                  <br />
                   SMART CONTRACT
                </p>
              </div>
            </div>
            <a
              className="CatalogItem-catalogItemBtn-38"
              href="/"
              onClick={[Function]}
            >
              Play Now
            </a>
            <div
              className="CatalogItem-catalogItemNext-39"
            >
              <p>
                next roll in:
                 
                <span
                  className={undefined}
                >
                  00:00:23.12
                </span>
              </p>
            </div>
          </div>
          <div
            className="CatalogItem-catalogListItem-15"
          >
            <div
              className="CatalogItem-catalogItemTop-16"
            >
              <div
                className={undefined}
              >
                <p
                  className="CatalogItem-catalogItemTitle-17"
                >
                  Rolled-Folled
                </p>
                <span
                  className="CatalogItem-catalogItemTitleComp-18"
                >
                  by Fall Inc.
                </span>
              </div>
              <div
                className="CatalogItem-catalogItemRating-19"
              >
                <p
                  className="CatalogItem-catalogRatingValue-20"
                >
                  <span
                    className="CatalogItem-catalogRatingValueNum-21"
                  >
                    6.5
                  </span>
                  <span
                    className="CatalogItem-catalogRatingValueFull-22"
                  >
                    /7
                  </span>
                </p>
                <div
                  className="CatalogItem-catalogRatingStars-23"
                >
                  <div
                    className="CatalogItem-fullStars-24"
                  />
                  <div
                    className="CatalogItem-halfStars-25"
                  />
                </div>
                <span
                  className="CatalogItem-catalogRatingCategory-26"
                >
                  DICE CATEGORY
                </span>
              </div>
            </div>
            <a
              className="CatalogItem-catalogItemImg-27"
              href="/"
              onClick={[Function]}
            >
              <img
                alt=""
                className="CatalogItem-catalogItemImgGame-28"
                src="catalogItem.png"
              />
              <div
                className="CatalogItem-catalogItemOnline-29"
              >
                online: 
                536
              </div>
            </a>
            <div
              className="CatalogItem-catalogItemCounter-30"
            >
              <div
                className="CatalogItem-catalogCounterWins-31"
              >
                <p
                  className="CatalogItem-catalogCounterBigstWin-34"
                >
                  <span
                    className="CatalogItem-catalogCounterValue-37"
                  >
                    4666.78
                     dcb
                  </span>
                   
                  <br />
                   BIGGEST WIN 
                  <br />
                   FOR ALL TIME
                </p>
              </div>
              <div
                className="CatalogItem-catalogCounterHours-32"
              >
                <p
                  className="CatalogItem-catalogCounterHoursVolume-35"
                >
                  <span
                    className="CatalogItem-catalogCounterValue-37"
                  >
                    167.12
                     dcb
                  </span>
                   
                  <br />
                   VOLUME OF 
                  <br />
                  24 HOURS
                </p>
              </div>
              <div
                className="CatalogItem-catalogCounterContracts-33"
              >
                <p
                  className="CatalogItem-catalogCounterContractsVolume-36"
                >
                  <span
                    className="CatalogItem-catalogCounterValue-37"
                  >
                    20243.12
                     dcb
                  </span>
                   
                  <br />
                   ALL VOLUME OF 
                  <br />
                   SMART CONTRACT
                </p>
              </div>
            </div>
            <a
              className="CatalogItem-catalogItemBtn-38"
              href="/"
              onClick={[Function]}
            >
              Play Now
            </a>
            <div
              className="CatalogItem-catalogItemNext-39"
            >
              <p>
                next roll in:
                 
                <span
                  className={undefined}
                >
                  00:00:23.12
                </span>
              </p>
            </div>
          </div>
          <div
            className="CatalogItem-catalogListItem-15"
          >
            <div
              className="CatalogItem-catalogItemTop-16"
            >
              <div
                className={undefined}
              >
                <p
                  className="CatalogItem-catalogItemTitle-17"
                >
                  Rolled-Folled
                </p>
                <span
                  className="CatalogItem-catalogItemTitleComp-18"
                >
                  by Fall Inc.
                </span>
              </div>
              <div
                className="CatalogItem-catalogItemRating-19"
              >
                <p
                  className="CatalogItem-catalogRatingValue-20"
                >
                  <span
                    className="CatalogItem-catalogRatingValueNum-21"
                  >
                    6.5
                  </span>
                  <span
                    className="CatalogItem-catalogRatingValueFull-22"
                  >
                    /7
                  </span>
                </p>
                <div
                  className="CatalogItem-catalogRatingStars-23"
                >
                  <div
                    className="CatalogItem-fullStars-24"
                  />
                  <div
                    className="CatalogItem-halfStars-25"
                  />
                </div>
                <span
                  className="CatalogItem-catalogRatingCategory-26"
                >
                  DICE CATEGORY
                </span>
              </div>
            </div>
            <a
              className="CatalogItem-catalogItemImg-27"
              href="/"
              onClick={[Function]}
            >
              <img
                alt=""
                className="CatalogItem-catalogItemImgGame-28"
                src="catalogItem.png"
              />
              <div
                className="CatalogItem-catalogItemOnline-29"
              >
                online: 
                536
              </div>
            </a>
            <div
              className="CatalogItem-catalogItemCounter-30"
            >
              <div
                className="CatalogItem-catalogCounterWins-31"
              >
                <p
                  className="CatalogItem-catalogCounterBigstWin-34"
                >
                  <span
                    className="CatalogItem-catalogCounterValue-37"
                  >
                    6.78
                     dcb
                  </span>
                   
                  <br />
                   BIGGEST WIN 
                  <br />
                   FOR ALL TIME
                </p>
              </div>
              <div
                className="CatalogItem-catalogCounterHours-32"
              >
                <p
                  className="CatalogItem-catalogCounterHoursVolume-35"
                >
                  <span
                    className="CatalogItem-catalogCounterValue-37"
                  >
                    167.12
                     dcb
                  </span>
                   
                  <br />
                   VOLUME OF 
                  <br />
                  24 HOURS
                </p>
              </div>
              <div
                className="CatalogItem-catalogCounterContracts-33"
              >
                <p
                  className="CatalogItem-catalogCounterContractsVolume-36"
                >
                  <span
                    className="CatalogItem-catalogCounterValue-37"
                  >
                    20243.12
                     dcb
                  </span>
                   
                  <br />
                   ALL VOLUME OF 
                  <br />
                   SMART CONTRACT
                </p>
              </div>
            </div>
            <a
              className="CatalogItem-catalogItemBtn-38"
              href="/"
              onClick={[Function]}
            >
              Play Now
            </a>
            <div
              className="CatalogItem-catalogItemNext-39"
            >
              <p>
                next roll in:
                 
                <span
                  className={undefined}
                >
                  00:00:23.12
                </span>
              </p>
            </div>
          </div>
          <div
            className="CatalogItem-catalogListItem-15"
          >
            <div
              className="CatalogItem-catalogItemTop-16"
            >
              <div
                className={undefined}
              >
                <p
                  className="CatalogItem-catalogItemTitle-17"
                >
                  Rolled-Folled
                </p>
                <span
                  className="CatalogItem-catalogItemTitleComp-18"
                >
                  by Fall Inc.
                </span>
              </div>
              <div
                className="CatalogItem-catalogItemRating-19"
              >
                <p
                  className="CatalogItem-catalogRatingValue-20"
                >
                  <span
                    className="CatalogItem-catalogRatingValueNum-21"
                  >
                    6.5
                  </span>
                  <span
                    className="CatalogItem-catalogRatingValueFull-22"
                  >
                    /7
                  </span>
                </p>
                <div
                  className="CatalogItem-catalogRatingStars-23"
                >
                  <div
                    className="CatalogItem-fullStars-24"
                  />
                  <div
                    className="CatalogItem-halfStars-25"
                  />
                </div>
                <span
                  className="CatalogItem-catalogRatingCategory-26"
                >
                  DICE CATEGORY
                </span>
              </div>
            </div>
            <a
              className="CatalogItem-catalogItemImg-27"
              href="/"
              onClick={[Function]}
            >
              <img
                alt=""
                className="CatalogItem-catalogItemImgGame-28"
                src="catalogItem.png"
              />
              <div
                className="CatalogItem-catalogItemOnline-29"
              >
                online: 
                536
              </div>
            </a>
            <div
              className="CatalogItem-catalogItemCounter-30"
            >
              <div
                className="CatalogItem-catalogCounterWins-31"
              >
                <p
                  className="CatalogItem-catalogCounterBigstWin-34"
                >
                  <span
                    className="CatalogItem-catalogCounterValue-37"
                  >
                    4666.78
                     dcb
                  </span>
                   
                  <br />
                   BIGGEST WIN 
                  <br />
                   FOR ALL TIME
                </p>
              </div>
              <div
                className="CatalogItem-catalogCounterHours-32"
              >
                <p
                  className="CatalogItem-catalogCounterHoursVolume-35"
                >
                  <span
                    className="CatalogItem-catalogCounterValue-37"
                  >
                    167.12
                     dcb
                  </span>
                   
                  <br />
                   VOLUME OF 
                  <br />
                  24 HOURS
                </p>
              </div>
              <div
                className="CatalogItem-catalogCounterContracts-33"
              >
                <p
                  className="CatalogItem-catalogCounterContractsVolume-36"
                >
                  <span
                    className="CatalogItem-catalogCounterValue-37"
                  >
                    20243.12
                     dcb
                  </span>
                   
                  <br />
                   ALL VOLUME OF 
                  <br />
                   SMART CONTRACT
                </p>
              </div>
            </div>
            <a
              className="CatalogItem-catalogItemBtn-38"
              href="/"
              onClick={[Function]}
            >
              Play Now
            </a>
            <div
              className="CatalogItem-catalogItemNext-39"
            >
              <p>
                next roll in:
                 
                <span
                  className={undefined}
                >
                  00:00:23.12
                </span>
              </p>
            </div>
          </div>
          <div
            className="CatalogItem-catalogListItem-15"
          >
            <div
              className="CatalogItem-catalogItemTop-16"
            >
              <div
                className={undefined}
              >
                <p
                  className="CatalogItem-catalogItemTitle-17"
                >
                  Rolled-Folled
                </p>
                <span
                  className="CatalogItem-catalogItemTitleComp-18"
                >
                  by Fall Inc.
                </span>
              </div>
              <div
                className="CatalogItem-catalogItemRating-19"
              >
                <p
                  className="CatalogItem-catalogRatingValue-20"
                >
                  <span
                    className="CatalogItem-catalogRatingValueNum-21"
                  >
                    6.5
                  </span>
                  <span
                    className="CatalogItem-catalogRatingValueFull-22"
                  >
                    /7
                  </span>
                </p>
                <div
                  className="CatalogItem-catalogRatingStars-23"
                >
                  <div
                    className="CatalogItem-fullStars-24"
                  />
                  <div
                    className="CatalogItem-halfStars-25"
                  />
                </div>
                <span
                  className="CatalogItem-catalogRatingCategory-26"
                >
                  DICE CATEGORY
                </span>
              </div>
            </div>
            <a
              className="CatalogItem-catalogItemImg-27"
              href="/"
              onClick={[Function]}
            >
              <img
                alt=""
                className="CatalogItem-catalogItemImgGame-28"
                src="catalogItem.png"
              />
              <div
                className="CatalogItem-catalogItemOnline-29"
              >
                online: 
                536
              </div>
            </a>
            <div
              className="CatalogItem-catalogItemCounter-30"
            >
              <div
                className="CatalogItem-catalogCounterWins-31"
              >
                <p
                  className="CatalogItem-catalogCounterBigstWin-34"
                >
                  <span
                    className="CatalogItem-catalogCounterValue-37"
                  >
                    4666.78
                     dcb
                  </span>
                   
                  <br />
                   BIGGEST WIN 
                  <br />
                   FOR ALL TIME
                </p>
              </div>
              <div
                className="CatalogItem-catalogCounterHours-32"
              >
                <p
                  className="CatalogItem-catalogCounterHoursVolume-35"
                >
                  <span
                    className="CatalogItem-catalogCounterValue-37"
                  >
                    167.12
                     dcb
                  </span>
                   
                  <br />
                   VOLUME OF 
                  <br />
                  24 HOURS
                </p>
              </div>
              <div
                className="CatalogItem-catalogCounterContracts-33"
              >
                <p
                  className="CatalogItem-catalogCounterContractsVolume-36"
                >
                  <span
                    className="CatalogItem-catalogCounterValue-37"
                  >
                    20243.12
                     dcb
                  </span>
                   
                  <br />
                   ALL VOLUME OF 
                  <br />
                   SMART CONTRACT
                </p>
              </div>
            </div>
            <a
              className="CatalogItem-catalogItemBtn-38"
              href="/"
              onClick={[Function]}
            >
              Play Now
            </a>
            <div
              className="CatalogItem-catalogItemNext-39"
            >
              <p>
                next roll in:
                 
                <span
                  className={undefined}
                >
                  00:00:23.12
                </span>
              </p>
            </div>
          </div>
        </div>
      </main>
    </div>
  </div>
</div>
`;
