// Jest Snapshot v1, https://goo.gl/fbAQLP

exports[`renders correctly 1`] = `
<div
  className="mainWrapperCatalog"
>
  <div
    className="Games-containerCatalogWrap-1"
  >
    <div
      className="Games-containerCatalog-2"
    >
      <header
        className="Games-headerCatalog-3"
      >
        <ul
          className="MenuNavigation-root-4 dark"
        >
          <div
            className="MenuNavigation-headerMenuItem-5 MenuNavigation-wrLogout-6"
            onClick={[Function]}
          >
            <i
              className="MenuNavigation-menuIcon-7 MenuNavigation-logout-8"
            />
            <br />
             Logout
          </div>
          <li>
            <a
              aria-current="page"
              className="MenuNavigation-headerMenuItem-5 active"
              href="/"
              onClick={[Function]}
              style={Object {}}
            >
              <i
                className="MenuNavigation-menuIcon-7 MenuNavigation-walletIcon-9"
              />
              <br />
               Wallet
            </a>
          </li>
          <li>
            <a
              aria-current={null}
              className="MenuNavigation-headerMenuItem-5"
              href="/vchange"
              onClick={[Function]}
            >
              <i
                className="MenuNavigation-menuIcon-7 MenuNavigation-vexchange-10"
              />
              <br />
               VChange
            </a>
          </li>
          <li>
            <a
              aria-current={null}
              className="MenuNavigation-headerMenuItem-5"
              href="/games"
              onClick={[Function]}
            >
              <i
                className="MenuNavigation-menuIcon-7 MenuNavigation-games-13"
              />
              <br />
               Games
            </a>
          </li>
          <li>
            <a
              aria-current={null}
              className="MenuNavigation-headerMenuItem-5"
              href="/#apps"
              onClick={[Function]}
            >
              <i
                className="MenuNavigation-menuIcon-7 MenuNavigation-apps-11"
              />
              <br />
               Apps
            </a>
          </li>
          <li>
            <a
              aria-current={null}
              className="MenuNavigation-headerMenuItem-5"
              href="/#shops"
              onClick={[Function]}
            >
              <i
                className="MenuNavigation-menuIcon-7 MenuNavigation-shop-12"
              />
              <br />
               Shop
            </a>
          </li>
          <li>
            <a
              aria-current={null}
              className="MenuNavigation-headerMenuItem-5"
              href="/#contacts"
              onClick={[Function]}
            >
              <i
                className="MenuNavigation-menuIcon-7 MenuNavigation-friends-14"
              />
              <br />
               Contacts
            </a>
          </li>
          <li>
            <a
              aria-current={null}
              className="MenuNavigation-headerMenuItem-5"
              href="/#settings"
              onClick={[Function]}
            >
              <i
                className="MenuNavigation-menuIcon-7 MenuNavigation-settings-15"
              />
              <br />
               Settings
            </a>
          </li>
        </ul>
      </header>
      <main>
        <div
          className="CatalogList-catalogList-16"
        >
          <div
            className="CatalogItem-catalogListItem-17"
          >
            <div
              className="CatalogItem-catalogItemTop-18"
            >
              <div>
                <p
                  className="CatalogItem-catalogItemTitle-19"
                >
                  Rolled-Folled
                </p>
                <span
                  className="CatalogItem-catalogItemTitleComp-20"
                >
                  by Fall Inc.
                </span>
              </div>
              <div
                className="CatalogItem-catalogItemRating-21"
              >
                <p
                  className="CatalogItem-catalogRatingValue-22"
                >
                  <span
                    className="CatalogItem-catalogRatingValueNum-23"
                  >
                    6.5
                  </span>
                  <span
                    className="CatalogItem-catalogRatingValueFull-24"
                  >
                    /7
                  </span>
                </p>
                <div
                  className="CatalogItem-catalogRatingStars-25"
                >
                  <div
                    className="CatalogItem-fullStars-26"
                  />
                  <div
                    className="CatalogItem-halfStars-27"
                  />
                </div>
                <span
                  className="CatalogItem-catalogRatingCategory-28"
                >
                  DICE CATEGORY
                </span>
              </div>
            </div>
            <a
              className="CatalogItem-catalogItemImg-29"
              href="/"
              onClick={[Function]}
            >
              <img
                alt=""
                className="CatalogItem-catalogItemImgGame-30"
                src="catalogItem.png"
              />
              <div
                className="CatalogItem-catalogItemOnline-31"
              >
                online: 
                536
              </div>
            </a>
            <div
              className="CatalogItem-catalogItemCounter-32"
            >
              <div
                className="CatalogItem-catalogCounterWins-33"
              >
                <p
                  className="CatalogItem-catalogCounterBigstWin-36"
                >
                  <span
                    className="CatalogItem-catalogCounterValue-39"
                  >
                    4666.78
                     dcb
                  </span>
                   
                  <br />
                   BIGGEST WIN 
                  <br />
                   FOR ALL TIME
                </p>
              </div>
              <div
                className="CatalogItem-catalogCounterHours-34"
              >
                <p
                  className="CatalogItem-catalogCounterHoursVolume-37"
                >
                  <span
                    className="CatalogItem-catalogCounterValue-39"
                  >
                    167.12
                     dcb
                  </span>
                   
                  <br />
                   VOLUME OF 
                  <br />
                  24 HOURS
                </p>
              </div>
              <div
                className="CatalogItem-catalogCounterContracts-35"
              >
                <p
                  className="CatalogItem-catalogCounterContractsVolume-38"
                >
                  <span
                    className="CatalogItem-catalogCounterValue-39"
                  >
                    20243.12
                     dcb
                  </span>
                   
                  <br />
                   ALL VOLUME OF 
                  <br />
                   SMART CONTRACT
                </p>
              </div>
            </div>
            <a
              className="CatalogItem-catalogItemBtn-40"
              href="/"
              onClick={[Function]}
            >
              Play Now
            </a>
            <div
              className="CatalogItem-catalogItemNext-41"
            >
              <p>
                next roll in:
                 
                <span>
                  00:00:23.12
                </span>
              </p>
            </div>
          </div>
          <div
            className="CatalogItem-catalogListItem-17"
          >
            <div
              className="CatalogItem-catalogItemTop-18"
            >
              <div>
                <p
                  className="CatalogItem-catalogItemTitle-19"
                >
                  Rolled-Folled-Rolled
                </p>
                <span
                  className="CatalogItem-catalogItemTitleComp-20"
                >
                  by Fall Fall Fall Fall Inc.
                </span>
              </div>
              <div
                className="CatalogItem-catalogItemRating-21"
              >
                <p
                  className="CatalogItem-catalogRatingValue-22"
                >
                  <span
                    className="CatalogItem-catalogRatingValueNum-23"
                  >
                    6.5
                  </span>
                  <span
                    className="CatalogItem-catalogRatingValueFull-24"
                  >
                    /7
                  </span>
                </p>
                <div
                  className="CatalogItem-catalogRatingStars-25"
                >
                  <div
                    className="CatalogItem-fullStars-26"
                  />
                  <div
                    className="CatalogItem-halfStars-27"
                  />
                </div>
                <span
                  className="CatalogItem-catalogRatingCategory-28"
                >
                  DICE DICE DICE CATEGORY
                </span>
              </div>
            </div>
            <a
              className="CatalogItem-catalogItemImg-29"
              href="/"
              onClick={[Function]}
            >
              <img
                alt=""
                className="CatalogItem-catalogItemImgGame-30"
                src="catalogItem.png"
              />
              <div
                className="CatalogItem-catalogItemOnline-31"
              >
                online: 
                536
              </div>
            </a>
            <div
              className="CatalogItem-catalogItemCounter-32"
            >
              <div
                className="CatalogItem-catalogCounterWins-33"
              >
                <p
                  className="CatalogItem-catalogCounterBigstWin-36"
                >
                  <span
                    className="CatalogItem-catalogCounterValue-39"
                  >
                    466603.782390328
                     dcb
                  </span>
                   
                  <br />
                   BIGGEST WIN 
                  <br />
                   FOR ALL TIME
                </p>
              </div>
              <div
                className="CatalogItem-catalogCounterHours-34"
              >
                <p
                  className="CatalogItem-catalogCounterHoursVolume-37"
                >
                  <span
                    className="CatalogItem-catalogCounterValue-39"
                  >
                    167434.1243434
                     dcb
                  </span>
                   
                  <br />
                   VOLUME OF 
                  <br />
                  24 HOURS
                </p>
              </div>
              <div
                className="CatalogItem-catalogCounterContracts-35"
              >
                <p
                  className="CatalogItem-catalogCounterContractsVolume-38"
                >
                  <span
                    className="CatalogItem-catalogCounterValue-39"
                  >
                    2024343.134342
                     dcb
                  </span>
                   
                  <br />
                   ALL VOLUME OF 
                  <br />
                   SMART CONTRACT
                </p>
              </div>
            </div>
            <a
              className="CatalogItem-catalogItemBtn-40"
              href="/"
              onClick={[Function]}
            >
              Play Now
            </a>
            <div
              className="CatalogItem-catalogItemNext-41"
            >
              <p>
                next roll in:
                 
                <span>
                  00:00:23.12
                </span>
              </p>
            </div>
          </div>
          <div
            className="CatalogItem-catalogListItem-17"
          >
            <div
              className="CatalogItem-catalogItemTop-18"
            >
              <div>
                <p
                  className="CatalogItem-catalogItemTitle-19"
                >
                  Rolled-Folled
                </p>
                <span
                  className="CatalogItem-catalogItemTitleComp-20"
                >
                  by Fall Inc.
                </span>
              </div>
              <div
                className="CatalogItem-catalogItemRating-21"
              >
                <p
                  className="CatalogItem-catalogRatingValue-22"
                >
                  <span
                    className="CatalogItem-catalogRatingValueNum-23"
                  >
                    6.5
                  </span>
                  <span
                    className="CatalogItem-catalogRatingValueFull-24"
                  >
                    /7
                  </span>
                </p>
                <div
                  className="CatalogItem-catalogRatingStars-25"
                >
                  <div
                    className="CatalogItem-fullStars-26"
                  />
                  <div
                    className="CatalogItem-halfStars-27"
                  />
                </div>
                <span
                  className="CatalogItem-catalogRatingCategory-28"
                >
                  DICE CATEGORY
                </span>
              </div>
            </div>
            <a
              className="CatalogItem-catalogItemImg-29"
              href="/"
              onClick={[Function]}
            >
              <img
                alt=""
                className="CatalogItem-catalogItemImgGame-30"
                src="catalogItem.png"
              />
              <div
                className="CatalogItem-catalogItemOnline-31"
              >
                online: 
                536
              </div>
            </a>
            <div
              className="CatalogItem-catalogItemCounter-32"
            >
              <div
                className="CatalogItem-catalogCounterWins-33"
              >
                <p
                  className="CatalogItem-catalogCounterBigstWin-36"
                >
                  <span
                    className="CatalogItem-catalogCounterValue-39"
                  >
                    4666.78
                     dcb
                  </span>
                   
                  <br />
                   BIGGEST WIN 
                  <br />
                   FOR ALL TIME
                </p>
              </div>
              <div
                className="CatalogItem-catalogCounterHours-34"
              >
                <p
                  className="CatalogItem-catalogCounterHoursVolume-37"
                >
                  <span
                    className="CatalogItem-catalogCounterValue-39"
                  >
                    167.12
                     dcb
                  </span>
                   
                  <br />
                   VOLUME OF 
                  <br />
                  24 HOURS
                </p>
              </div>
              <div
                className="CatalogItem-catalogCounterContracts-35"
              >
                <p
                  className="CatalogItem-catalogCounterContractsVolume-38"
                >
                  <span
                    className="CatalogItem-catalogCounterValue-39"
                  >
                    20243.12
                     dcb
                  </span>
                   
                  <br />
                   ALL VOLUME OF 
                  <br />
                   SMART CONTRACT
                </p>
              </div>
            </div>
            <a
              className="CatalogItem-catalogItemBtn-40"
              href="/"
              onClick={[Function]}
            >
              Play Now
            </a>
            <div
              className="CatalogItem-catalogItemNext-41"
            >
              <p>
                next roll in:
                 
                <span>
                  00:00:23.12
                </span>
              </p>
            </div>
          </div>
        </div>
      </main>
    </div>
  </div>
</div>
`;
