// Jest Snapshot v1, https://goo.gl/fbAQLP

exports[`renders correctly main 1`] = `
<ul
  className="MenuNavigation-root-1"
>
  <li>
    <div
      className="MenuNavigation-logout-10"
      onClick={[Function]}
    >
      Logout
    </div>
  </li>
  <li>
    <a
      aria-current="page"
      className="MenuNavigation-headerMenuItem-2 active"
      href="/"
      onClick={[Function]}
      style={Object {}}
    >
      <i
        className="MenuNavigation-menuIcon-3 MenuNavigation-walletIcon-5"
      />
      <br />
       Wallet
    </a>
  </li>
  <li>
    <a
      aria-current={null}
      className="MenuNavigation-headerMenuItem-2"
      href="/games"
      onClick={[Function]}
    >
      <i
        className="MenuNavigation-menuIcon-3 MenuNavigation-games-7"
      />
      <br />
       Games
    </a>
  </li>
  <li>
    <a
      aria-current={null}
      className="MenuNavigation-headerMenuItem-2"
      href="/#apps"
      onClick={[Function]}
    >
      <i
        className="MenuNavigation-menuIcon-3 MenuNavigation-shop-6"
      />
      <br />
       Apps
    </a>
  </li>
  <li>
    <a
      aria-current={null}
      className="MenuNavigation-headerMenuItem-2"
      href="/#shop"
      onClick={[Function]}
    >
      <i
        className="MenuNavigation-menuIcon-3 MenuNavigation-shop-6"
      />
      <br />
       Shop
    </a>
  </li>
  <li>
    <a
      aria-current={null}
      className="MenuNavigation-headerMenuItem-2"
      href="/#contacts"
      onClick={[Function]}
    >
      <i
        className="MenuNavigation-menuIcon-3 MenuNavigation-friends-8"
      />
      <br />
       Contacts
    </a>
  </li>
  <li>
    <a
      aria-current={null}
      className="MenuNavigation-headerMenuItem-2"
      href="/#setting"
      onClick={[Function]}
    >
      <i
        className="MenuNavigation-menuIcon-3 MenuNavigation-settings-9"
      />
      <br />
       Settings
    </a>
  </li>
</ul>
`;
