// Jest Snapshot v1, https://goo.gl/fbAQLP

exports[`renders correctly DESKTOP 1`] = `
<div
  className="HeaderGames-root-1"
>
  <div
    className="HeaderGames-gamesUserBlock-2"
  >
    <p
      className="HeaderGames-gamesUserHello-3"
    >
       Hello, Ben A 
      <br />
      <span
        className="HeaderGames-gamesUserVerification-5"
      >
        KYC VERIFICATED
      </span>
    </p>
    <div
      className="HeaderGames-gamesUserPhoto-7"
    >
      <img
        alt=""
        src="user.png"
      />
    </div>
    <p
      className="HeaderGames-gamesUserBallance-4"
    >
       764.23 DCB 
      <br />
      <span
        className="HeaderGames-gamesUserBallDescr-6"
      >
        YOUR BALANCE
      </span>
    </p>
  </div>
  <div>
    test
  </div>
</div>
`;
