// Jest Snapshot v1, https://goo.gl/fbAQLP

exports[`renders correctly 1`] = `
<div
  className="mainWrapperTrade"
>
  <div
    className="Case-containerTradeWrap-1"
  >
    <div
      className="Case-containerTrade-2"
    >
      <header
        className="Case-headerCase-3"
      >
        <ul
          className="MenuNavigation-root-5 dark"
        >
          <li
            className={undefined}
          >
            <div
              className="MenuNavigation-logout-14"
              onClick={[Function]}
            >
              Logout
            </div>
          </li>
          <li>
            <a
              className="MenuNavigation-headerMenuItem-6"
              href="/"
              onClick={[Function]}
            >
              <i
                className="MenuNavigation-menuIcon-7 MenuNavigation-dashboard-8"
              />
              <br />
               Dashboard
            </a>
          </li>
          <li>
            <a
              className="MenuNavigation-headerMenuItem-6"
              href="/"
              onClick={[Function]}
            >
              <i
                className="MenuNavigation-menuIcon-7 MenuNavigation-walletIcon-9"
              />
              <br />
               Wallet
            </a>
          </li>
          <li>
            <a
              className="MenuNavigation-headerMenuItem-6"
              href="/"
              onClick={[Function]}
            >
              <i
                className="MenuNavigation-menuIcon-7 MenuNavigation-shop-10"
              />
              <br />
               Shop
            </a>
          </li>
          <li>
            <a
              className="MenuNavigation-headerMenuItem-6"
              href="/games"
              onClick={[Function]}
            >
              <i
                className="MenuNavigation-menuIcon-7 MenuNavigation-games-11"
              />
              <br />
               Games
            </a>
          </li>
          <li>
            <a
              className="MenuNavigation-headerMenuItem-6"
              href="/"
              onClick={[Function]}
            >
              <i
                className="MenuNavigation-menuIcon-7 MenuNavigation-friends-12"
              />
              <br />
               Friends
            </a>
          </li>
          <li>
            <a
              className="MenuNavigation-headerMenuItem-6"
              href="/"
              onClick={[Function]}
            >
              <i
                className="MenuNavigation-menuIcon-7 MenuNavigation-settings-13"
              />
              <br />
               Settings
            </a>
          </li>
        </ul>
      </header>
      <main
        className="Case-case-4"
      >
        <div
          className="CaseFilter-root-15"
        >
          <input
            className="CaseFilter-caseFilterSearch-16"
            placeholder="Search"
            type="text"
          />
          <div
            className="CaseFilter-caseFilterOptions-17"
          >
            <div
              className="CaseFilter-caseFilterType-18"
            >
              <div
                className="CaseFilter-caseFilterItem-19"
              >
                less than $15&lt;
              </div>
              <div
                className="CaseFilter-caseFilterItem-19"
              >
                $15-30
              </div>
              <div
                className="CaseFilter-caseFilterItem-19 CaseFilter-selectedItem-21"
              >
                 $30-60
              </div>
              <div
                className="CaseFilter-caseFilterItem-19"
              >
                $60-90
              </div>
              <div
                className="CaseFilter-caseFilterItem-19"
              >
                less than $15&lt;
              </div>
            </div>
            <div
              className="CaseFilter-caseFilterType-18"
            >
              <div
                className="CaseFilter-caseFilterItem-19"
              >
                CS:GO
              </div>
              <div
                className="CaseFilter-caseFilterItem-19"
              >
                Dota 2
              </div>
              <div
                className="CaseFilter-caseFilterItem-19 CaseFilter-selectedItem-21"
              >
                Starcraft 2
              </div>
              <div
                className="CaseFilter-caseFilterItem-19"
              >
                 Maincraft
              </div>
              <div
                className="CaseFilter-caseFilterItem-19"
              >
                Rainbow Six
              </div>
            </div>
          </div>
          <div
            className="CaseFilter-caseFilterBtn-22"
          />
        </div>
        <div
          className="CaseOpen-root-23"
        >
          <div
            className="CaseOpen-caseOpenTop-24"
          >
            <div
              className="CaseOpen-caseOpenBackBtn-25"
            />
            <div
              className="CaseOpen-caseOpenTopImg-26"
            >
              <img
                alt=""
                src="caseXOpen.png"
              />
            </div>
            <div
              className="CaseOpen-caseOpenTopDescr-27"
            >
              <div
                className="CaseOpen-caseOpenTopMarker-28"
              />
              <div
                className="CaseOpen-caseOpenTopName-29"
              >
                Case: 
                <span>
                  Hello, buddy!
                </span>
              </div>
              <div
                className="CaseOpen-caseOpenTopPrice-30"
              >
                Open for 
                <span>
                  $34.20
                </span>
              </div>
              <div
                className="CaseOpen-caseOpenTopGame-31"
              >
                Case: 
                <span>
                  CS:GO
                </span>
              </div>
            </div>
          </div>
          <div
            className="CaseOpen-caseOpenContent-32"
          >
            <div
              className="CaseOpen-caseOpenTitle-33"
            >
              This case cointains this stuff:
            </div>
            <div
              className="CaseOpen-caseOpenItem-34"
            >
              <div
                className="CaseOpen-caseOpenItemImg-35"
              >
                <img
                  alt=""
                  src="GunCase.png"
                />
              </div>
              <div
                className="CaseOpen-caseOpenItemName-36"
              >
                Gun: 
                <span>
                  Good Weapon2 1.2
                </span>
              </div>
            </div>
            <div
              className="CaseOpen-caseOpenItem-34"
            >
              <div
                className="CaseOpen-caseOpenItemImg-35"
              >
                <img
                  alt=""
                  src="GunCase.png"
                />
              </div>
              <div
                className="CaseOpen-caseOpenItemName-36"
              >
                Gun: 
                <span>
                  Good Weapon2 1.2
                </span>
              </div>
            </div>
            <div
              className="CaseOpen-caseOpenItem-34"
            >
              <div
                className="CaseOpen-caseOpenItemImg-35"
              >
                <img
                  alt=""
                  src="GunCase.png"
                />
              </div>
              <div
                className="CaseOpen-caseOpenItemName-36"
              >
                Gun: 
                <span>
                  Good Weapon2 1.2
                </span>
              </div>
            </div>
            <div
              className="CaseOpen-caseOpenItem-34"
            >
              <div
                className="CaseOpen-caseOpenItemImg-35"
              >
                <img
                  alt=""
                  src="GunCase.png"
                />
              </div>
              <div
                className="CaseOpen-caseOpenItemName-36"
              >
                Gun: 
                <span>
                  Good Weapon2 1.2
                </span>
              </div>
            </div>
            <div
              className="CaseOpen-caseOpenItem-34"
            >
              <div
                className="CaseOpen-caseOpenItemImg-35"
              >
                <img
                  alt=""
                  src="GunCase.png"
                />
              </div>
              <div
                className="CaseOpen-caseOpenItemName-36"
              >
                Gun: 
                <span>
                  Good Weapon2 1.2
                </span>
              </div>
            </div>
            <div
              className="CaseOpen-caseOpenItem-34"
            >
              <div
                className="CaseOpen-caseOpenItemImg-35"
              >
                <img
                  alt=""
                  src="GunCase.png"
                />
              </div>
              <div
                className="CaseOpen-caseOpenItemName-36"
              >
                Gun: 
                <span>
                  Good Weapon2 1.2
                </span>
              </div>
            </div>
            <div
              className="CaseOpen-caseOpenItem-34"
            >
              <div
                className="CaseOpen-caseOpenItemImg-35"
              >
                <img
                  alt=""
                  src="GunCase.png"
                />
              </div>
              <div
                className="CaseOpen-caseOpenItemName-36"
              >
                Gun: 
                <span>
                  Good Weapon2 1.2
                </span>
              </div>
            </div>
            <div
              className="CaseOpen-caseOpenItem-34"
            >
              <div
                className="CaseOpen-caseOpenItemImg-35"
              >
                <img
                  alt=""
                  src="GunCase.png"
                />
              </div>
              <div
                className="CaseOpen-caseOpenItemName-36"
              >
                Gun: 
                <span>
                  Good Weapon2 1.2
                </span>
              </div>
            </div>
            <div
              className="CaseOpen-caseOpenItem-34"
            >
              <div
                className="CaseOpen-caseOpenItemImg-35"
              >
                <img
                  alt=""
                  src="GunCase.png"
                />
              </div>
              <div
                className="CaseOpen-caseOpenItemName-36"
              >
                Gun: 
                <span>
                  Good Weapon2 1.2
                </span>
              </div>
            </div>
            <div
              className="CaseOpen-caseOpenItem-34"
            >
              <div
                className="CaseOpen-caseOpenItemImg-35"
              >
                <img
                  alt=""
                  src="GunCase.png"
                />
              </div>
              <div
                className="CaseOpen-caseOpenItemName-36"
              >
                Gun: 
                <span>
                  Good Weapon2 1.2
                </span>
              </div>
            </div>
            <div
              className="CaseOpen-caseOpenItem-34"
            >
              <div
                className="CaseOpen-caseOpenItemImg-35"
              >
                <img
                  alt=""
                  src="GunCase.png"
                />
              </div>
              <div
                className="CaseOpen-caseOpenItemName-36"
              >
                Gun: 
                <span>
                  Good Weapon2 1.2
                </span>
              </div>
            </div>
            <div
              className="CaseOpen-caseOpenItem-34"
            >
              <div
                className="CaseOpen-caseOpenItemImg-35"
              >
                <img
                  alt=""
                  src="GunCase.png"
                />
              </div>
              <div
                className="CaseOpen-caseOpenItemName-36"
              >
                Gun: 
                <span>
                  Good Weapon2 1.2
                </span>
              </div>
            </div>
            <div
              className="CaseOpen-caseOpenItem-34"
            >
              <div
                className="CaseOpen-caseOpenItemImg-35"
              >
                <img
                  alt=""
                  src="GunCase.png"
                />
              </div>
              <div
                className="CaseOpen-caseOpenItemName-36"
              >
                Gun: 
                <span>
                  Good Weapon2 1.2
                </span>
              </div>
            </div>
            <div
              className="CaseOpen-caseOpenItem-34"
            >
              <div
                className="CaseOpen-caseOpenItemImg-35"
              >
                <img
                  alt=""
                  src="GunCase.png"
                />
              </div>
              <div
                className="CaseOpen-caseOpenItemName-36"
              >
                Gun: 
                <span>
                  Good Weapon2 1.2
                </span>
              </div>
            </div>
            <div
              className="CaseOpen-caseOpenItem-34"
            >
              <div
                className="CaseOpen-caseOpenItemImg-35"
              >
                <img
                  alt=""
                  src="GunCase.png"
                />
              </div>
              <div
                className="CaseOpen-caseOpenItemName-36"
              >
                Gun: 
                <span>
                  Good Weapon2 1.2
                </span>
              </div>
            </div>
            <div
              className="CaseOpen-caseOpenItem-34"
            >
              <div
                className="CaseOpen-caseOpenItemImg-35"
              >
                <img
                  alt=""
                  src="GunCase.png"
                />
              </div>
              <div
                className="CaseOpen-caseOpenItemName-36"
              >
                Gun: 
                <span>
                  Good Weapon2 1.2
                </span>
              </div>
            </div>
          </div>
        </div>
        <div
          className="CasesRelated-root-37"
        >
          <div
            className="CasesRelated-casesRelatedTilte-38"
          >
            Related to this case:
          </div>
          <div
            className="CasesRelated-casesRelatedItem-39"
          >
            <div
              className="CasesRelated-casesRelatedItemImg-40"
            >
              <img
                alt=""
                src="CaseX.png"
              />
            </div>
            <div
              className="CasesRelated-casesRelatedItemName-41"
            >
              Gun: 
              <span>
                Good Weapon2 1.2
              </span>
            </div>
          </div>
          <div
            className="CasesRelated-casesRelatedItem-39"
          >
            <div
              className="CasesRelated-casesRelatedItemImg-40"
            >
              <img
                alt=""
                src="CaseX.png"
              />
            </div>
            <div
              className="CasesRelated-casesRelatedItemName-41"
            >
              Gun: 
              <span>
                Good Weapon2 1.2
              </span>
            </div>
          </div>
          <div
            className="CasesRelated-casesRelatedItem-39"
          >
            <div
              className="CasesRelated-casesRelatedItemImg-40"
            >
              <img
                alt=""
                src="CaseX.png"
              />
            </div>
            <div
              className="CasesRelated-casesRelatedItemName-41"
            >
              Gun: 
              <span>
                Good Weapon2 1.2
              </span>
            </div>
          </div>
          <div
            className="CasesRelated-casesRelatedItem-39"
          >
            <div
              className="CasesRelated-casesRelatedItemImg-40"
            >
              <img
                alt=""
                src="CaseX.png"
              />
            </div>
            <div
              className="CasesRelated-casesRelatedItemName-41"
            >
              Gun: 
              <span>
                Good Weapon2 1.2
              </span>
            </div>
          </div>
          <div
            className="CasesRelated-casesRelatedItem-39"
          >
            <div
              className="CasesRelated-casesRelatedItemImg-40"
            >
              <img
                alt=""
                src="CaseX.png"
              />
            </div>
            <div
              className="CasesRelated-casesRelatedItemName-41"
            >
              Gun: 
              <span>
                Good Weapon2 1.2
              </span>
            </div>
          </div>
          <div
            className="CasesRelated-casesRelatedItem-39"
          >
            <div
              className="CasesRelated-casesRelatedItemImg-40"
            >
              <img
                alt=""
                src="CaseX.png"
              />
            </div>
            <div
              className="CasesRelated-casesRelatedItemName-41"
            >
              Gun: 
              <span>
                Good Weapon2 1.2
              </span>
            </div>
          </div>
        </div>
      </main>
    </div>
  </div>
  <footer
    className="Footer-root-42"
  >
    <ul
      className="Footer-footerNav-43"
    >
      <li>
        <a
          className="Footer-footerNavItem-44"
          href="/"
          onClick={[Function]}
        >
          Dashboard
        </a>
      </li>
      <li>
        <a
          className="Footer-footerNavItem-44"
          href="/"
          onClick={[Function]}
        >
          Wallet
        </a>
      </li>
      <li>
        <a
          className="Footer-footerNavItem-44"
          href="/"
          onClick={[Function]}
        >
          Shop
        </a>
      </li>
      <li>
        <a
          className="Footer-footerNavItem-44"
          href="/games"
          onClick={[Function]}
        >
          Games
        </a>
      </li>
      <li>
        <a
          className="Footer-footerNavItem-44"
          href="/"
          onClick={[Function]}
        >
          Friends
        </a>
      </li>
      <li>
        <a
          className="Footer-footerNavItem-44"
          href="/"
          onClick={[Function]}
        >
          Settings
        </a>
      </li>
    </ul>
    <span
      className={undefined}
    >
      Vault. All Rights Reserved 2018
    </span>
  </footer>
</div>
`;
